core_cm3.h:1639:22:__NVIC_SetPriority	16	static
core_cm3.h:1834:26:SysTick_Config	16	static
main.c:78:7:map	32	static
main.c:83:7:servoWrite	24	static
main.c:87:6:setServoVal	24	static
main.c:138:6:startPWM	16	static
main.c:173:6:motion1	24	static
main.c:203:6:motion2	56	static
main.c:239:5:main	24	static
main.c:302:6:SystemClock_Config	72	static
main.c:344:13:MX_TIM1_Init	96	static
main.c:431:13:MX_TIM2_Init	64	static
main.c:502:13:MX_TIM3_Init	64	static
main.c:573:13:MX_TIM4_Init	64	static
main.c:644:13:MX_TIM5_Init	64	static
main.c:711:13:MX_TIM8_Init	96	static
main.c:798:13:MX_UART4_Init	8	static
main.c:829:13:MX_DMA_Init	16	static
main.c:850:13:MX_GPIO_Init	40	static
main.c:894:6:Error_Handler	4	static,ignoring_inline_asm
