Archive member included to satisfy reference by file (symbol)

c:/st/stm32cubeide_1.6.0/stm32cubeide/plugins/com.st.stm32cube.ide.mcu.externaltools.gnu-tools-for-stm32.9-2020-q2-update.win32_1.5.0.202011040924/tools/bin/../lib/gcc/arm-none-eabi/9.3.1/../../../../arm-none-eabi/lib/thumb/v7-m/nofp\libc_nano.a(lib_a-errno.o)
                              Core/Src/syscalls.o (__errno)
c:/st/stm32cubeide_1.6.0/stm32cubeide/plugins/com.st.stm32cube.ide.mcu.externaltools.gnu-tools-for-stm32.9-2020-q2-update.win32_1.5.0.202011040924/tools/bin/../lib/gcc/arm-none-eabi/9.3.1/../../../../arm-none-eabi/lib/thumb/v7-m/nofp\libc_nano.a(lib_a-exit.o)
                              c:/st/stm32cubeide_1.6.0/stm32cubeide/plugins/com.st.stm32cube.ide.mcu.externaltools.gnu-tools-for-stm32.9-2020-q2-update.win32_1.5.0.202011040924/tools/bin/../lib/gcc/arm-none-eabi/9.3.1/../../../../arm-none-eabi/lib/thumb/v7-m/nofp/crt0.o (exit)
c:/st/stm32cubeide_1.6.0/stm32cubeide/plugins/com.st.stm32cube.ide.mcu.externaltools.gnu-tools-for-stm32.9-2020-q2-update.win32_1.5.0.202011040924/tools/bin/../lib/gcc/arm-none-eabi/9.3.1/../../../../arm-none-eabi/lib/thumb/v7-m/nofp\libc_nano.a(lib_a-impure.o)
                              c:/st/stm32cubeide_1.6.0/stm32cubeide/plugins/com.st.stm32cube.ide.mcu.externaltools.gnu-tools-for-stm32.9-2020-q2-update.win32_1.5.0.202011040924/tools/bin/../lib/gcc/arm-none-eabi/9.3.1/../../../../arm-none-eabi/lib/thumb/v7-m/nofp\libc_nano.a(lib_a-exit.o) (_global_impure_ptr)
c:/st/stm32cubeide_1.6.0/stm32cubeide/plugins/com.st.stm32cube.ide.mcu.externaltools.gnu-tools-for-stm32.9-2020-q2-update.win32_1.5.0.202011040924/tools/bin/../lib/gcc/arm-none-eabi/9.3.1/../../../../arm-none-eabi/lib/thumb/v7-m/nofp\libc_nano.a(lib_a-init.o)
                              c:/st/stm32cubeide_1.6.0/stm32cubeide/plugins/com.st.stm32cube.ide.mcu.externaltools.gnu-tools-for-stm32.9-2020-q2-update.win32_1.5.0.202011040924/tools/bin/../lib/gcc/arm-none-eabi/9.3.1/../../../../arm-none-eabi/lib/thumb/v7-m/nofp/crt0.o (__libc_init_array)
c:/st/stm32cubeide_1.6.0/stm32cubeide/plugins/com.st.stm32cube.ide.mcu.externaltools.gnu-tools-for-stm32.9-2020-q2-update.win32_1.5.0.202011040924/tools/bin/../lib/gcc/arm-none-eabi/9.3.1/../../../../arm-none-eabi/lib/thumb/v7-m/nofp\libc_nano.a(lib_a-memset.o)
                              c:/st/stm32cubeide_1.6.0/stm32cubeide/plugins/com.st.stm32cube.ide.mcu.externaltools.gnu-tools-for-stm32.9-2020-q2-update.win32_1.5.0.202011040924/tools/bin/../lib/gcc/arm-none-eabi/9.3.1/../../../../arm-none-eabi/lib/thumb/v7-m/nofp/crt0.o (memset)
c:/st/stm32cubeide_1.6.0/stm32cubeide/plugins/com.st.stm32cube.ide.mcu.externaltools.gnu-tools-for-stm32.9-2020-q2-update.win32_1.5.0.202011040924/tools/bin/../lib/gcc/arm-none-eabi/9.3.1/thumb/v7-m/nofp\libgcc.a(_arm_mulsf3.o)
                              Core/Src/main.o (__aeabi_fmul)
c:/st/stm32cubeide_1.6.0/stm32cubeide/plugins/com.st.stm32cube.ide.mcu.externaltools.gnu-tools-for-stm32.9-2020-q2-update.win32_1.5.0.202011040924/tools/bin/../lib/gcc/arm-none-eabi/9.3.1/thumb/v7-m/nofp\libgcc.a(_arm_addsubdf3.o)
                              Core/Src/main.o (__aeabi_dsub)
c:/st/stm32cubeide_1.6.0/stm32cubeide/plugins/com.st.stm32cube.ide.mcu.externaltools.gnu-tools-for-stm32.9-2020-q2-update.win32_1.5.0.202011040924/tools/bin/../lib/gcc/arm-none-eabi/9.3.1/thumb/v7-m/nofp\libgcc.a(_arm_truncdfsf2.o)
                              Core/Src/main.o (__aeabi_d2f)
c:/st/stm32cubeide_1.6.0/stm32cubeide/plugins/com.st.stm32cube.ide.mcu.externaltools.gnu-tools-for-stm32.9-2020-q2-update.win32_1.5.0.202011040924/tools/bin/../lib/gcc/arm-none-eabi/9.3.1/thumb/v7-m/nofp\libgcc.a(_arm_addsubsf3.o)
                              Core/Src/main.o (__aeabi_fsub)
c:/st/stm32cubeide_1.6.0/stm32cubeide/plugins/com.st.stm32cube.ide.mcu.externaltools.gnu-tools-for-stm32.9-2020-q2-update.win32_1.5.0.202011040924/tools/bin/../lib/gcc/arm-none-eabi/9.3.1/thumb/v7-m/nofp\libgcc.a(_arm_muldivsf3.o)
                              Core/Src/main.o (__aeabi_fdiv)
c:/st/stm32cubeide_1.6.0/stm32cubeide/plugins/com.st.stm32cube.ide.mcu.externaltools.gnu-tools-for-stm32.9-2020-q2-update.win32_1.5.0.202011040924/tools/bin/../lib/gcc/arm-none-eabi/9.3.1/thumb/v7-m/nofp\libgcc.a(_arm_cmpsf2.o)
                              Core/Src/main.o (__aeabi_fcmplt)
c:/st/stm32cubeide_1.6.0/stm32cubeide/plugins/com.st.stm32cube.ide.mcu.externaltools.gnu-tools-for-stm32.9-2020-q2-update.win32_1.5.0.202011040924/tools/bin/../lib/gcc/arm-none-eabi/9.3.1/thumb/v7-m/nofp\libgcc.a(_arm_fixunssfsi.o)
                              Core/Src/main.o (__aeabi_f2uiz)

Allocating common symbols
Common symbol       size              file

hdma_uart4_rx       0x44              Core/Src/main.o
htim8               0x48              Core/Src/main.o
htim4               0x48              Core/Src/main.o
values              0x4               Core/Src/main.o
[...]
Memory Configuration

Name             Origin             Length             Attributes
RAM              0x0000000020000000 0x0000000000010000 xrw
FLASH            0x0000000008000000 0x0000000000080000 xr
*default*        0x0000000000000000 0xffffffffffffffff

Linker script and memory map

LOAD c:/st/stm32cubeide_1.6.0/stm32cubeide/plugins/com.st.stm32cube.ide.mcu.externaltools.gnu-tools-for-stm32.9-2020-q2-update.win32_1.5.0.202011040924/tools/bin/../lib/gcc/arm-none-eabi/9.3.1/thumb/v7-m/nofp/crti.o
LOAD c:/st/stm32cubeide_1.6.0/stm32cubeide/plugins/com.st.stm32cube.ide.mcu.externaltools.gnu-tools-for-stm32.9-2020-q2-update.win32_1.5.0.202011040924/tools/bin/../lib/gcc/arm-none-eabi/9.3.1/thumb/v7-m/nofp/crtbegin.o
LOAD c:/st/stm32cubeide_1.6.0/stm32cubeide/plugins/com.st.stm32cube.ide.mcu.externaltools.gnu-tools-for-stm32.9-2020-q2-update.win32_1.5.0.202011040924/tools/bin/../lib/gcc/arm-none-eabi/9.3.1/../../../../arm-none-eabi/lib/thumb/v7-m/nofp/crt0.o
LOAD Core/Src/main.o
LOAD Core/Src/stm32f1xx_hal_msp.o
LOAD Core/Src/stm32f1xx_it.o
LOAD Core/Src/syscalls.o
LOAD Core/Src/sysmem.o
LOAD Core/Src/system_stm32f1xx.o
LOAD Core/Startup/startup_stm32f103retx.o
LOAD Drivers/STM32F1xx_HAL_Driver/Src/stm32f1xx_hal.o
LOAD Drivers/STM32F1xx_HAL_Driver/Src/stm32f1xx_hal_cortex.o
LOAD Drivers/STM32F1xx_HAL_Driver/Src/stm32f1xx_hal_dma.o
LOAD Drivers/STM32F1xx_HAL_Driver/Src/stm32f1xx_hal_exti.o
LOAD Drivers/STM32F1xx_HAL_Driver/Src/stm32f1xx_hal_flash.o
LOAD Drivers/STM32F1xx_HAL_Driver/Src/stm32f1xx_hal_flash_ex.o
LOAD Drivers/STM32F1xx_HAL_Driver/Src/stm32f1xx_hal_gpio.o
LOAD Drivers/STM32F1xx_HAL_Driver/Src/stm32f1xx_hal_gpio_ex.o
LOAD Drivers/STM32F1xx_HAL_Driver/Src/stm32f1xx_hal_pwr.o
LOAD Drivers/STM32F1xx_HAL_Driver/Src/stm32f1xx_hal_rcc.o
LOAD Drivers/STM32F1xx_HAL_Driver/Src/stm32f1xx_hal_rcc_ex.o
LOAD Drivers/STM32F1xx_HAL_Driver/Src/stm32f1xx_hal_tim.o
LOAD Drivers/STM32F1xx_HAL_Driver/Src/stm32f1xx_hal_tim_ex.o
LOAD Drivers/STM32F1xx_HAL_Driver/Src/stm32f1xx_hal_uart.o
START GROUP
LOAD c:/st/stm32cubeide_1.6.0/stm32cubeide/plugins/com.st.stm32cube.ide.mcu.externaltools.gnu-tools-for-stm32.9-2020-q2-update.win32_1.5.0.202011040924/tools/bin/../lib/gcc/arm-none-eabi/9.3.1/../../../../arm-none-eabi/lib/thumb/v7-m/nofp\libstdc++_nano.a
LOAD c:/st/stm32cubeide_1.6.0/stm32cubeide/plugins/com.st.stm32cube.ide.mcu.externaltools.gnu-tools-for-stm32.9-2020-q2-update.win32_1.5.0.202011040924/tools/bin/../lib/gcc/arm-none-eabi/9.3.1/../../../../arm-none-eabi/lib/thumb/v7-m/nofp\libsupc++_nano.a
END GROUP
LOAD c:/st/stm32cubeide_1.6.0/stm32cubeide/plugins/com.st.stm32cube.ide.mcu.externaltools.gnu-tools-for-stm32.9-2020-q2-update.win32_1.5.0.202011040924/tools/bin/../lib/gcc/arm-none-eabi/9.3.1/../../../../arm-none-eabi/lib/thumb/v7-m/nofp\libstdc++_nano.a
LOAD c:/st/stm32cubeide_1.6.0/stm32cubeide/plugins/com.st.stm32cube.ide.mcu.externaltools.gnu-tools-for-stm32.9-2020-q2-update.win32_1.5.0.202011040924/tools/bin/../lib/gcc/arm-none-eabi/9.3.1/../../../../arm-none-eabi/lib/thumb/v7-m/nofp\libm.a
LOAD c:/st/stm32cubeide_1.6.0/stm32cubeide/plugins/com.st.stm32cube.ide.mcu.externaltools.gnu-tools-for-stm32.9-2020-q2-update.win32_1.5.0.202011040924/tools/bin/../lib/gcc/arm-none-eabi/9.3.1/../../../../arm-none-eabi/lib/thumb/v7-m/nofp\libc_nano.a
START GROUP
LOAD c:/st/stm32cubeide_1.6.0/stm32cubeide/plugins/com.st.stm32cube.ide.mcu.externaltools.gnu-tools-for-stm32.9-2020-q2-update.win32_1.5.0.202011040924/tools/bin/../lib/gcc/arm-none-eabi/9.3.1/thumb/v7-m/nofp\libgcc.a
LOAD c:/st/stm32cubeide_1.6.0/stm32cubeide/plugins/com.st.stm32cube.ide.mcu.externaltools.gnu-tools-for-stm32.9-2020-q2-update.win32_1.5.0.202011040924/tools/bin/../lib/gcc/arm-none-eabi/9.3.1/../../../../arm-none-eabi/lib/thumb/v7-m/nofp\libc_nano.a
END GROUP
START GROUP
LOAD c:/st/stm32cubeide_1.6.0/stm32cubeide/plugins/com.st.stm32cube.ide.mcu.externaltools.gnu-tools-for-stm32.9-2020-q2-update.win32_1.5.0.202011040924/tools/bin/../lib/gcc/arm-none-eabi/9.3.1/thumb/v7-m/nofp\libgcc.a
LOAD c:/st/stm32cubeide_1.6.0/stm32cubeide/plugins/com.st.stm32cube.ide.mcu.externaltools.gnu-tools-for-stm32.9-2020-q2-update.win32_1.5.0.202011040924/tools/bin/../lib/gcc/arm-none-eabi/9.3.1/../../../../arm-none-eabi/lib/thumb/v7-m/nofp\libc_nano.a
LOAD c:/st/stm32cubeide_1.6.0/stm32cubeide/plugins/com.st.stm32cube.ide.mcu.externaltools.gnu-tools-for-stm32.9-2020-q2-update.win32_1.5.0.202011040924/tools/bin/../lib/gcc/arm-none-eabi/9.3.1/../../../../arm-none-eabi/lib/thumb/v7-m/nofp\libnosys.a
END GROUP
START GROUP
LOAD c:/st/stm32cubeide_1.6.0/stm32cubeide/plugins/com.st.stm32cube.ide.mcu.externaltools.gnu-tools-for-stm32.9-2020-q2-update.win32_1.5.0.202011040924/tools/bin/../lib/gcc/arm-none-eabi/9.3.1/thumb/v7-m/nofp\libgcc.a
LOAD c:/st/stm32cubeide_1.6.0/stm32cubeide/plugins/com.st.stm32cube.ide.mcu.externaltools.gnu-tools-for-stm32.9-2020-q2-update.win32_1.5.0.202011040924/tools/bin/../lib/gcc/arm-none-eabi/9.3.1/../../../../arm-none-eabi/lib/thumb/v7-m/nofp\libc_nano.a
LOAD c:/st/stm32cubeide_1.6.0/stm32cubeide/plugins/com.st.stm32cube.ide.mcu.externaltools.gnu-tools-for-stm32.9-2020-q2-update.win32_1.5.0.202011040924/tools/bin/../lib/gcc/arm-none-eabi/9.3.1/../../../../arm-none-eabi/lib/thumb/v7-m/nofp\libnosys.a
END GROUP
LOAD c:/st/stm32cubeide_1.6.0/stm32cubeide/plugins/com.st.stm32cube.ide.mcu.externaltools.gnu-tools-for-stm32.9-2020-q2-update.win32_1.5.0.202011040924/tools/bin/../lib/gcc/arm-none-eabi/9.3.1/thumb/v7-m/nofp/crtend.o
LOAD c:/st/stm32cubeide_1.6.0/stm32cubeide/plugins/com.st.stm32cube.ide.mcu.externaltools.gnu-tools-for-stm32.9-2020-q2-update.win32_1.5.0.202011040924/tools/bin/../lib/gcc/arm-none-eabi/9.3.1/thumb/v7-m/nofp/crtn.o
                0x0000000020010000                _estack = (ORIGIN (RAM) + LENGTH (RAM))
                0x0000000000000200                _Min_Heap_Size = 0x200
                0x0000000000000400                _Min_Stack_Size = 0x400

.isr_vector     0x0000000008000000      0x1e4
                0x0000000008000000                . = ALIGN (0x4)
 *(.isr_vector)
 .isr_vector    0x0000000008000000      0x1e4 Core/Startup/startup_stm32f103retx.o
                0x0000000008000000                g_pfnVectors
                0x00000000080001e4                . = ALIGN (0x4)

.text           0x00000000080001e4     0x4bc8
                0x00000000080001e4                . = ALIGN (0x4)
 *(.text)
 .text          0x00000000080001e4       0x40 c:/st/stm32cubeide_1.6.0/stm32cubeide/plugins/com.st.stm32cube.ide.mcu.externaltools.gnu-tools-for-stm32.9-2020-q2-update.win32_1.5.0.202011040924/tools/bin/../lib/gcc/arm-none-eabi/9.3.1/thumb/v7-m/nofp/crtbegin.o
 .text          0x0000000008000224      0x21c c:/st/stm32cubeide_1.6.0/stm32cubeide/plugins/com.st.stm32cube.ide.mcu.externaltools.gnu-tools-for-stm32.9-2020-q2-update.win32_1.5.0.202011040924/tools/bin/../lib/gcc/arm-none-eabi/9.3.1/thumb/v7-m/nofp\libgcc.a(_arm_addsubsf3.o)
                0x0000000008000224                __aeabi_frsub
                0x000000000800022c                __subsf3
                0x000000000800022c                __aeabi_fsub
                0x0000000008000230                __aeabi_fadd
                0x0000000008000230                __addsf3
                0x0000000008000390                __aeabi_ui2f
                0x0000000008000390                __floatunsisf
                0x0000000008000398                __aeabi_i2f
                0x0000000008000398                __floatsisf
                0x00000000080003b4                __aeabi_ul2f
                0x00000000080003b4                __floatundisf
                0x00000000080003c4                __aeabi_l2f
                0x00000000080003c4                __floatdisf
 .text          0x0000000008000440      0x2a0 c:/st/stm32cubeide_1.6.0/stm32cubeide/plugins/com.st.stm32cube.ide.mcu.externaltools.gnu-tools-for-stm32.9-2020-q2-update.win32_1.5.0.202011040924/tools/bin/../lib/gcc/arm-none-eabi/9.3.1/thumb/v7-m/nofp\libgcc.a(_arm_muldivsf3.o)
                0x0000000008000440                __mulsf3
                0x0000000008000440                __aeabi_fmul
                0x00000000080005a8                __aeabi_fdiv
                0x00000000080005a8                __divsf3
 .text          0x00000000080006e0       0xec c:/st/stm32cubeide_1.6.0/stm32cubeide/plugins/com.st.stm32cube.ide.mcu.externaltools.gnu-tools-for-stm32.9-2020-q2-update.win32_1.5.0.202011040924/tools/bin/../lib/gcc/arm-none-eabi/9.3.1/thumb/v7-m/nofp\libgcc.a(_arm_cmpsf2.o)
                0x00000000080006e0                __gesf2
                0x00000000080006e0                __gtsf2
                0x00000000080006e8                __lesf2
                0x00000000080006e8                __ltsf2
                0x00000000080006f0                __nesf2
                0x00000000080006f0                __eqsf2
                0x00000000080006f0                __cmpsf2
                0x0000000008000750                __aeabi_cfrcmple
                0x0000000008000758                __aeabi_cfcmpeq
                0x0000000008000758                __aeabi_cfcmple
                0x0000000008000768                __aeabi_fcmpeq
                0x000000000800077c                __aeabi_fcmplt
                0x0000000008000790                __aeabi_fcmple
                0x00000000080007a4                __aeabi_fcmpge
                0x00000000080007b8                __aeabi_fcmpgt
 .text          0x00000000080007cc       0x40 c:/st/stm32cubeide_1.6.0/stm32cubeide/plugins/com.st.stm32cube.ide.mcu.externaltools.gnu-tools-for-stm32.9-2020-q2-update.win32_1.5.0.202011040924/tools/bin/../lib/gcc/arm-none-eabi/9.3.1/thumb/v7-m/nofp\libgcc.a(_arm_fixunssfsi.o)
                0x00000000080007cc                __fixunssfsi
                0x00000000080007cc                __aeabi_f2uiz
 *(.text*)
 .text.__NVIC_SetPriority
                0x000000000800080c       0x54 Core/Src/main.o
 .text.SysTick_Config
                0x0000000008000860       0x44 Core/Src/main.o
 .text.map      0x00000000080008a4       0x56 Core/Src/main.o
                0x00000000080008a4                map
 *fill*         0x00000000080008fa        0x2 
 .text.servoWrite
                0x00000000080008fc       0x58 Core/Src/main.o
                0x00000000080008fc                servoWrite
 .text.setServoVal
                0x0000000008000954      0x208 Core/Src/main.o
                0x0000000008000954                setServoVal
 .text.startPWM
                0x0000000008000b5c      0x274 Core/Src/main.o
                0x0000000008000b5c                startPWM
 .text.main     0x0000000008000dd0       0xec Core/Src/main.o
                0x0000000008000dd0                main
 .text.SystemClock_Config
                0x0000000008000ebc       0x90 Core/Src/main.o
                0x0000000008000ebc                SystemClock_Config
 .text.MX_TIM1_Init
                0x0000000008000f4c      0x188 Core/Src/main.o
 .text.MX_TIM2_Init
                0x00000000080010d4      0x12c Core/Src/main.o
 .text.MX_TIM3_Init
                0x0000000008001200      0x130 Core/Src/main.o
 .text.MX_TIM4_Init
                0x0000000008001330      0x130 Core/Src/main.o
 .text.MX_TIM5_Init
                0x0000000008001460      0x118 Core/Src/main.o
 .text.MX_TIM8_Init
                0x0000000008001578      0x188 Core/Src/main.o
 .text.MX_UART4_Init
                0x0000000008001700       0x54 Core/Src/main.o
 .text.MX_DMA_Init
                0x0000000008001754       0x4c Core/Src/main.o
 .text.MX_GPIO_Init
                0x00000000080017a0       0xe8 Core/Src/main.o
 .text.Error_Handler
                0x0000000008001888        0xa Core/Src/main.o
                0x0000000008001888                Error_Handler
 *fill*         0x0000000008001892        0x2 
 .text.HAL_MspInit
                0x0000000008001894       0x64 Core/Src/stm32f1xx_hal_msp.o
                0x0000000008001894                HAL_MspInit
 .text.HAL_TIM_Base_MspInit
                0x00000000080018f8      0x100 Core/Src/stm32f1xx_hal_msp.o
                0x00000000080018f8                HAL_TIM_Base_MspInit
 .text.HAL_TIM_MspPostInit
                0x00000000080019f8      0x23c Core/Src/stm32f1xx_hal_msp.o
                0x00000000080019f8                HAL_TIM_MspPostInit
 .text.HAL_UART_MspInit
                0x0000000008001c34      0x158 Core/Src/stm32f1xx_hal_msp.o
                0x0000000008001c34                HAL_UART_MspInit
 .text.NMI_Handler
                0x0000000008001d8c        0xa Core/Src/stm32f1xx_it.o
                0x0000000008001d8c                NMI_Handler
 .text.HardFault_Handler
                0x0000000008001d96        0x6 Core/Src/stm32f1xx_it.o
                0x0000000008001d96                HardFault_Handler
 .text.MemManage_Handler
                0x0000000008001d9c        0x6 Core/Src/stm32f1xx_it.o
                0x0000000008001d9c                MemManage_Handler
 .text.BusFault_Handler
                0x0000000008001da2        0x6 Core/Src/stm32f1xx_it.o
                0x0000000008001da2                BusFault_Handler
 .text.UsageFault_Handler
                0x0000000008001da8        0x6 Core/Src/stm32f1xx_it.o
                0x0000000008001da8                UsageFault_Handler
 .text.SVC_Handler
                0x0000000008001dae        0xc Core/Src/stm32f1xx_it.o
                0x0000000008001dae                SVC_Handler
 .text.DebugMon_Handler
                0x0000000008001dba        0xc Core/Src/stm32f1xx_it.o
                0x0000000008001dba                DebugMon_Handler
 .text.PendSV_Handler
                0x0000000008001dc6        0xc Core/Src/stm32f1xx_it.o
                0x0000000008001dc6                PendSV_Handler
 .text.SysTick_Handler
                0x0000000008001dd2        0xc Core/Src/stm32f1xx_it.o
                0x0000000008001dd2                SysTick_Handler
 *fill*         0x0000000008001dde        0x2 
 .text.UART4_IRQHandler
                0x0000000008001de0       0x14 Core/Src/stm32f1xx_it.o
                0x0000000008001de0                UART4_IRQHandler
 .text.DMA2_Channel3_IRQHandler
                0x0000000008001df4       0x14 Core/Src/stm32f1xx_it.o
                0x0000000008001df4                DMA2_Channel3_IRQHandler
 .text.DMA2_Channel4_5_IRQHandler
                0x0000000008001e08       0x14 Core/Src/stm32f1xx_it.o
                0x0000000008001e08                DMA2_Channel4_5_IRQHandler
 .text.SystemInit
                0x0000000008001e1c        0xc Core/Src/system_stm32f1xx.o
                0x0000000008001e1c                SystemInit
 .text.SystemCoreClockUpdate
                0x0000000008001e28       0xe4 Core/Src/system_stm32f1xx.o
                0x0000000008001e28                SystemCoreClockUpdate
 .text.Reset_Handler
                0x0000000008001f0c       0x48 Core/Startup/startup_stm32f103retx.o
                0x0000000008001f0c                Reset_Handler
 .text.Default_Handler
                0x0000000008001f54        0x2 Core/Startup/startup_stm32f103retx.o
                0x0000000008001f54                RTC_Alarm_IRQHandler
                0x0000000008001f54                EXTI2_IRQHandler
                0x0000000008001f54                TIM8_TRG_COM_IRQHandler
                0x0000000008001f54                TIM8_CC_IRQHandler
                0x0000000008001f54                TIM1_CC_IRQHandler
                0x0000000008001f54                TIM6_IRQHandler
                0x0000000008001f54                PVD_IRQHandler
                0x0000000008001f54                SDIO_IRQHandler
                0x0000000008001f54                EXTI3_IRQHandler
                0x0000000008001f54                EXTI0_IRQHandler
                0x0000000008001f54                I2C2_EV_IRQHandler
                0x0000000008001f54                ADC1_2_IRQHandler
                0x0000000008001f54                SPI1_IRQHandler
                0x0000000008001f54                TAMPER_IRQHandler
                0x0000000008001f54                TIM8_UP_IRQHandler
                0x0000000008001f54                DMA2_Channel2_IRQHandler
                0x0000000008001f54                DMA1_Channel4_IRQHandler
                0x0000000008001f54                USART3_IRQHandler
                0x0000000008001f54                RTC_IRQHandler
                0x0000000008001f54                DMA1_Channel7_IRQHandler
                0x0000000008001f54                CAN1_RX1_IRQHandler
                0x0000000008001f54                UART5_IRQHandler
                0x0000000008001f54                ADC3_IRQHandler
                0x0000000008001f54                TIM4_IRQHandler
                0x0000000008001f54                DMA2_Channel1_IRQHandler
                0x0000000008001f54                I2C1_EV_IRQHandler
                0x0000000008001f54                DMA1_Channel6_IRQHandler
                0x0000000008001f54                TIM3_IRQHandler
                0x0000000008001f54                RCC_IRQHandler
                0x0000000008001f54                TIM1_TRG_COM_IRQHandler
                0x0000000008001f54                DMA1_Channel1_IRQHandler
                0x0000000008001f54                Default_Handler
                0x0000000008001f54                EXTI15_10_IRQHandler
                0x0000000008001f54                TIM7_IRQHandler
                0x0000000008001f54                TIM5_IRQHandler
                0x0000000008001f54                EXTI9_5_IRQHandler
                0x0000000008001f54                SPI2_IRQHandler
                0x0000000008001f54                DMA1_Channel5_IRQHandler
                0x0000000008001f54                EXTI4_IRQHandler
                0x0000000008001f54                USB_LP_CAN1_RX0_IRQHandler
                0x0000000008001f54                USB_HP_CAN1_TX_IRQHandler
                0x0000000008001f54                DMA1_Channel3_IRQHandler
                0x0000000008001f54                FSMC_IRQHandler
                0x0000000008001f54                TIM1_UP_IRQHandler
                0x0000000008001f54                WWDG_IRQHandler
                0x0000000008001f54                TIM2_IRQHandler
                0x0000000008001f54                TIM1_BRK_IRQHandler
                0x0000000008001f54                EXTI1_IRQHandler
                0x0000000008001f54                USART2_IRQHandler
                0x0000000008001f54                I2C2_ER_IRQHandler
                0x0000000008001f54                DMA1_Channel2_IRQHandler
                0x0000000008001f54                TIM8_BRK_IRQHandler
                0x0000000008001f54                CAN1_SCE_IRQHandler
                0x0000000008001f54                FLASH_IRQHandler
                0x0000000008001f54                USART1_IRQHandler
                0x0000000008001f54                SPI3_IRQHandler
                0x0000000008001f54                I2C1_ER_IRQHandler
                0x0000000008001f54                USBWakeUp_IRQHandler
 *fill*         0x0000000008001f56        0x2 
 .text.HAL_Init
                0x0000000008001f58       0x2c Drivers/STM32F1xx_HAL_Driver/Src/stm32f1xx_hal.o
                0x0000000008001f58                HAL_Init
 .text.HAL_InitTick
                0x0000000008001f84       0x60 Drivers/STM32F1xx_HAL_Driver/Src/stm32f1xx_hal.o
                0x0000000008001f84                HAL_InitTick
 .text.HAL_IncTick
                0x0000000008001fe4       0x24 Drivers/STM32F1xx_HAL_Driver/Src/stm32f1xx_hal.o
                0x0000000008001fe4                HAL_IncTick
 .text.HAL_GetTick
                0x0000000008002008       0x14 Drivers/STM32F1xx_HAL_Driver/Src/stm32f1xx_hal.o
                0x0000000008002008                HAL_GetTick
 .text.__NVIC_SetPriorityGrouping
                0x000000000800201c       0x48 Drivers/STM32F1xx_HAL_Driver/Src/stm32f1xx_hal_cortex.o
 .text.__NVIC_GetPriorityGrouping
                0x0000000008002064       0x1c Drivers/STM32F1xx_HAL_Driver/Src/stm32f1xx_hal_cortex.o
 .text.__NVIC_EnableIRQ
                0x0000000008002080       0x38 Drivers/STM32F1xx_HAL_Driver/Src/stm32f1xx_hal_cortex.o
 .text.__NVIC_SetPriority
                0x00000000080020b8       0x54 Drivers/STM32F1xx_HAL_Driver/Src/stm32f1xx_hal_cortex.o
 .text.NVIC_EncodePriority
                0x000000000800210c       0x64 Drivers/STM32F1xx_HAL_Driver/Src/stm32f1xx_hal_cortex.o
 .text.SysTick_Config
                0x0000000008002170       0x44 Drivers/STM32F1xx_HAL_Driver/Src/stm32f1xx_hal_cortex.o
 .text.HAL_NVIC_SetPriorityGrouping
                0x00000000080021b4       0x16 Drivers/STM32F1xx_HAL_Driver/Src/stm32f1xx_hal_cortex.o
                0x00000000080021b4                HAL_NVIC_SetPriorityGrouping
 .text.HAL_NVIC_SetPriority
                0x00000000080021ca       0x38 Drivers/STM32F1xx_HAL_Driver/Src/stm32f1xx_hal_cortex.o
                0x00000000080021ca                HAL_NVIC_SetPriority
 .text.HAL_NVIC_EnableIRQ
                0x0000000008002202       0x1c Drivers/STM32F1xx_HAL_Driver/Src/stm32f1xx_hal_cortex.o
                0x0000000008002202                HAL_NVIC_EnableIRQ
 .text.HAL_SYSTICK_Config
                0x000000000800221e       0x18 Drivers/STM32F1xx_HAL_Driver/Src/stm32f1xx_hal_cortex.o
                0x000000000800221e                HAL_SYSTICK_Config
 *fill*         0x0000000008002236        0x2 
 .text.HAL_DMA_Init
                0x0000000008002238       0xec Drivers/STM32F1xx_HAL_Driver/Src/stm32f1xx_hal_dma.o
                0x0000000008002238                HAL_DMA_Init
 .text.HAL_DMA_Start_IT
                0x0000000008002324       0xbe Drivers/STM32F1xx_HAL_Driver/Src/stm32f1xx_hal_dma.o
                0x0000000008002324                HAL_DMA_Start_IT
 *fill*         0x00000000080023e2        0x2 
 .text.HAL_DMA_Abort_IT
                0x00000000080023e4      0x210 Drivers/STM32F1xx_HAL_Driver/Src/stm32f1xx_hal_dma.o
                0x00000000080023e4                HAL_DMA_Abort_IT
 .text.HAL_DMA_IRQHandler
                0x00000000080025f4      0x478 Drivers/STM32F1xx_HAL_Driver/Src/stm32f1xx_hal_dma.o
                0x00000000080025f4                HAL_DMA_IRQHandler
 .text.DMA_SetConfig
                0x0000000008002a6c       0x5a Drivers/STM32F1xx_HAL_Driver/Src/stm32f1xx_hal_dma.o
 *fill*         0x0000000008002ac6        0x2 
 .text.HAL_GPIO_Init
                0x0000000008002ac8      0x328 Drivers/STM32F1xx_HAL_Driver/Src/stm32f1xx_hal_gpio.o
                0x0000000008002ac8                HAL_GPIO_Init
 .text.HAL_RCC_OscConfig
                0x0000000008002df0      0x500 Drivers/STM32F1xx_HAL_Driver/Src/stm32f1xx_hal_rcc.o
                0x0000000008002df0                HAL_RCC_OscConfig
 .text.HAL_RCC_ClockConfig
                0x00000000080032f0      0x1d4 Drivers/STM32F1xx_HAL_Driver/Src/stm32f1xx_hal_rcc.o
                0x00000000080032f0                HAL_RCC_ClockConfig
 .text.HAL_RCC_EnableCSS
                0x00000000080034c4       0x18 Drivers/STM32F1xx_HAL_Driver/Src/stm32f1xx_hal_rcc.o
                0x00000000080034c4                HAL_RCC_EnableCSS
 .text.HAL_RCC_GetSysClockFreq
                0x00000000080034dc       0xc0 Drivers/STM32F1xx_HAL_Driver/Src/stm32f1xx_hal_rcc.o
                0x00000000080034dc                HAL_RCC_GetSysClockFreq
 .text.HAL_RCC_GetHCLKFreq
                0x000000000800359c       0x14 Drivers/STM32F1xx_HAL_Driver/Src/stm32f1xx_hal_rcc.o
                0x000000000800359c                HAL_RCC_GetHCLKFreq
 .text.HAL_RCC_GetPCLK1Freq
                0x00000000080035b0       0x28 Drivers/STM32F1xx_HAL_Driver/Src/stm32f1xx_hal_rcc.o
                0x00000000080035b0                HAL_RCC_GetPCLK1Freq
 .text.HAL_RCC_GetPCLK2Freq
                0x00000000080035d8       0x28 Drivers/STM32F1xx_HAL_Driver/Src/stm32f1xx_hal_rcc.o
                0x00000000080035d8                HAL_RCC_GetPCLK2Freq
 .text.HAL_RCC_NMI_IRQHandler
                0x0000000008003600       0x28 Drivers/STM32F1xx_HAL_Driver/Src/stm32f1xx_hal_rcc.o
                0x0000000008003600                HAL_RCC_NMI_IRQHandler
 .text.RCC_Delay
                0x0000000008003628       0x3c Drivers/STM32F1xx_HAL_Driver/Src/stm32f1xx_hal_rcc.o
 .text.HAL_RCC_CSSCallback
                0x0000000008003664        0xc Drivers/STM32F1xx_HAL_Driver/Src/stm32f1xx_hal_rcc.o
                0x0000000008003664                HAL_RCC_CSSCallback
 .text.HAL_TIM_Base_Init
                0x0000000008003670       0x9e Drivers/STM32F1xx_HAL_Driver/Src/stm32f1xx_hal_tim.o
                0x0000000008003670                HAL_TIM_Base_Init
 .text.HAL_TIM_PWM_Init
                0x000000000800370e       0x9e Drivers/STM32F1xx_HAL_Driver/Src/stm32f1xx_hal_tim.o
                0x000000000800370e                HAL_TIM_PWM_Init
 .text.HAL_TIM_PWM_MspInit
                0x00000000080037ac       0x12 Drivers/STM32F1xx_HAL_Driver/Src/stm32f1xx_hal_tim.o
                0x00000000080037ac                HAL_TIM_PWM_MspInit
 *fill*         0x00000000080037be        0x2 
 .text.HAL_TIM_PWM_Start
                0x00000000080037c0      0x174 Drivers/STM32F1xx_HAL_Driver/Src/stm32f1xx_hal_tim.o
                0x00000000080037c0                HAL_TIM_PWM_Start
 .text.HAL_TIM_PWM_ConfigChannel
                0x0000000008003934      0x17c Drivers/STM32F1xx_HAL_Driver/Src/stm32f1xx_hal_tim.o
                0x0000000008003934                HAL_TIM_PWM_ConfigChannel
 .text.HAL_TIM_ConfigClockSource
                0x0000000008003ab0      0x188 Drivers/STM32F1xx_HAL_Driver/Src/stm32f1xx_hal_tim.o
                0x0000000008003ab0                HAL_TIM_ConfigClockSource
 .text.TIM_Base_SetConfig
                0x0000000008003c38       0xf4 Drivers/STM32F1xx_HAL_Driver/Src/stm32f1xx_hal_tim.o
                0x0000000008003c38                TIM_Base_SetConfig
 .text.TIM_OC1_SetConfig
                0x0000000008003d2c       0xe0 Drivers/STM32F1xx_HAL_Driver/Src/stm32f1xx_hal_tim.o
 .text.TIM_OC2_SetConfig
                0x0000000008003e0c       0xe8 Drivers/STM32F1xx_HAL_Driver/Src/stm32f1xx_hal_tim.o
                0x0000000008003e0c                TIM_OC2_SetConfig
 .text.TIM_OC3_SetConfig
                0x0000000008003ef4       0xe8 Drivers/STM32F1xx_HAL_Driver/Src/stm32f1xx_hal_tim.o
 .text.TIM_OC4_SetConfig
                0x0000000008003fdc       0xa8 Drivers/STM32F1xx_HAL_Driver/Src/stm32f1xx_hal_tim.o
 .text.TIM_TI1_ConfigInputStage
                0x0000000008004084       0x5c Drivers/STM32F1xx_HAL_Driver/Src/stm32f1xx_hal_tim.o
 .text.TIM_TI2_ConfigInputStage
                0x00000000080040e0       0x5e Drivers/STM32F1xx_HAL_Driver/Src/stm32f1xx_hal_tim.o
 .text.TIM_ITRx_SetConfig
                0x000000000800413e       0x34 Drivers/STM32F1xx_HAL_Driver/Src/stm32f1xx_hal_tim.o
 .text.TIM_ETR_SetConfig
                0x0000000008004172       0x3e Drivers/STM32F1xx_HAL_Driver/Src/stm32f1xx_hal_tim.o
                0x0000000008004172                TIM_ETR_SetConfig
 .text.TIM_CCxChannelCmd
                0x00000000080041b0       0x48 Drivers/STM32F1xx_HAL_Driver/Src/stm32f1xx_hal_tim.o
                0x00000000080041b0                TIM_CCxChannelCmd
 .text.HAL_TIMEx_MasterConfigSynchronization
                0x00000000080041f8       0xd8 Drivers/STM32F1xx_HAL_Driver/Src/stm32f1xx_hal_tim_ex.o
                0x00000000080041f8                HAL_TIMEx_MasterConfigSynchronization
 .text.HAL_TIMEx_ConfigBreakDeadTime
                0x00000000080042d0       0xa2 Drivers/STM32F1xx_HAL_Driver/Src/stm32f1xx_hal_tim_ex.o
                0x00000000080042d0                HAL_TIMEx_ConfigBreakDeadTime
 .text.HAL_UART_Init
                0x0000000008004372       0x9a Drivers/STM32F1xx_HAL_Driver/Src/stm32f1xx_hal_uart.o
                0x0000000008004372                HAL_UART_Init
 .text.HAL_UART_Transmit_DMA
                0x000000000800440c       0xd8 Drivers/STM32F1xx_HAL_Driver/Src/stm32f1xx_hal_uart.o
                0x000000000800440c                HAL_UART_Transmit_DMA
 .text.HAL_UART_Receive_DMA
                0x00000000080044e4      0x100 Drivers/STM32F1xx_HAL_Driver/Src/stm32f1xx_hal_uart.o
                0x00000000080044e4                HAL_UART_Receive_DMA
 .text.HAL_UART_IRQHandler
                0x00000000080045e4      0x200 Drivers/STM32F1xx_HAL_Driver/Src/stm32f1xx_hal_uart.o
                0x00000000080045e4                HAL_UART_IRQHandler
 .text.HAL_UART_TxCpltCallback
                0x00000000080047e4       0x12 Drivers/STM32F1xx_HAL_Driver/Src/stm32f1xx_hal_uart.o
                0x00000000080047e4                HAL_UART_TxCpltCallback
 .text.HAL_UART_TxHalfCpltCallback
                0x00000000080047f6       0x12 Drivers/STM32F1xx_HAL_Driver/Src/stm32f1xx_hal_uart.o
                0x00000000080047f6                HAL_UART_TxHalfCpltCallback
 .text.HAL_UART_RxCpltCallback
                0x0000000008004808       0x12 Drivers/STM32F1xx_HAL_Driver/Src/stm32f1xx_hal_uart.o
                0x0000000008004808                HAL_UART_RxCpltCallback
 .text.HAL_UART_RxHalfCpltCallback
                0x000000000800481a       0x12 Drivers/STM32F1xx_HAL_Driver/Src/stm32f1xx_hal_uart.o
                0x000000000800481a                HAL_UART_RxHalfCpltCallback
 .text.HAL_UART_ErrorCallback
                0x000000000800482c       0x12 Drivers/STM32F1xx_HAL_Driver/Src/stm32f1xx_hal_uart.o
                0x000000000800482c                HAL_UART_ErrorCallback
 .text.UART_DMATransmitCplt
                0x000000000800483e       0x52 Drivers/STM32F1xx_HAL_Driver/Src/stm32f1xx_hal_uart.o
 .text.UART_DMATxHalfCplt
                0x0000000008004890       0x1c Drivers/STM32F1xx_HAL_Driver/Src/stm32f1xx_hal_uart.o
 .text.UART_DMAReceiveCplt
                0x00000000080048ac       0x68 Drivers/STM32F1xx_HAL_Driver/Src/stm32f1xx_hal_uart.o
 .text.UART_DMARxHalfCplt
                0x0000000008004914       0x1c Drivers/STM32F1xx_HAL_Driver/Src/stm32f1xx_hal_uart.o
 .text.UART_DMAError
                0x0000000008004930       0x94 Drivers/STM32F1xx_HAL_Driver/Src/stm32f1xx_hal_uart.o
 .text.UART_EndTxTransfer
                0x00000000080049c4       0x2a Drivers/STM32F1xx_HAL_Driver/Src/stm32f1xx_hal_uart.o
 .text.UART_EndRxTransfer
                0x00000000080049ee       0x3a Drivers/STM32F1xx_HAL_Driver/Src/stm32f1xx_hal_uart.o
 .text.UART_DMAAbortOnError
                0x0000000008004a28       0x28 Drivers/STM32F1xx_HAL_Driver/Src/stm32f1xx_hal_uart.o
 .text.UART_Transmit_IT
                0x0000000008004a50       0x9e Drivers/STM32F1xx_HAL_Driver/Src/stm32f1xx_hal_uart.o
 .text.UART_EndTransmit_IT
                0x0000000008004aee       0x30 Drivers/STM32F1xx_HAL_Driver/Src/stm32f1xx_hal_uart.o
 .text.UART_Receive_IT
                0x0000000008004b1e      0x100 Drivers/STM32F1xx_HAL_Driver/Src/stm32f1xx_hal_uart.o
 *fill*         0x0000000008004c1e        0x2 
 .text.UART_SetConfig
                0x0000000008004c20      0x11c Drivers/STM32F1xx_HAL_Driver/Src/stm32f1xx_hal_uart.o
 .text.__libc_init_array
                0x0000000008004d3c       0x48 c:/st/stm32cubeide_1.6.0/stm32cubeide/plugins/com.st.stm32cube.ide.mcu.externaltools.gnu-tools-for-stm32.9-2020-q2-update.win32_1.5.0.202011040924/tools/bin/../lib/gcc/arm-none-eabi/9.3.1/../../../../arm-none-eabi/lib/thumb/v7-m/nofp\libc_nano.a(lib_a-init.o)
                0x0000000008004d3c                __libc_init_array
 .text.memset   0x0000000008004d84       0x10 c:/st/stm32cubeide_1.6.0/stm32cubeide/plugins/com.st.stm32cube.ide.mcu.externaltools.gnu-tools-for-stm32.9-2020-q2-update.win32_1.5.0.202011040924/tools/bin/../lib/gcc/arm-none-eabi/9.3.1/../../../../arm-none-eabi/lib/thumb/v7-m/nofp\libc_nano.a(lib_a-memset.o)
                0x0000000008004d84                memset
 *(.glue_7)
 .glue_7        0x0000000008004d94        0x0 linker stubs
 *(.glue_7t)
 .glue_7t       0x0000000008004d94        0x0 linker stubs
 *(.eh_frame)
 .eh_frame      0x0000000008004d94        0x0 c:/st/stm32cubeide_1.6.0/stm32cubeide/plugins/com.st.stm32cube.ide.mcu.externaltools.gnu-tools-for-stm32.9-2020-q2-update.win32_1.5.0.202011040924/tools/bin/../lib/gcc/arm-none-eabi/9.3.1/thumb/v7-m/nofp/crtbegin.o
 *(.init)
 .init          0x0000000008004d94        0x4 c:/st/stm32cubeide_1.6.0/stm32cubeide/plugins/com.st.stm32cube.ide.mcu.externaltools.gnu-tools-for-stm32.9-2020-q2-update.win32_1.5.0.202011040924/tools/bin/../lib/gcc/arm-none-eabi/9.3.1/thumb/v7-m/nofp/crti.o
                0x0000000008004d94                _init
 .init          0x0000000008004d98        0x8 c:/st/stm32cubeide_1.6.0/stm32cubeide/plugins/com.st.stm32cube.ide.mcu.externaltools.gnu-tools-for-stm32.9-2020-q2-update.win32_1.5.0.202011040924/tools/bin/../lib/gcc/arm-none-eabi/9.3.1/thumb/v7-m/nofp/crtn.o
 *(.fini)
 .fini          0x0000000008004da0        0x4 c:/st/stm32cubeide_1.6.0/stm32cubeide/plugins/com.st.stm32cube.ide.mcu.externaltools.gnu-tools-for-stm32.9-2020-q2-update.win32_1.5.0.202011040924/tools/bin/../lib/gcc/arm-none-eabi/9.3.1/thumb/v7-m/nofp/crti.o
                0x0000000008004da0                _fini
 .fini          0x0000000008004da4        0x8 c:/st/stm32cubeide_1.6.0/stm32cubeide/plugins/com.st.stm32cube.ide.mcu.externaltools.gnu-tools-for-stm32.9-2020-q2-update.win32_1.5.0.202011040924/tools/bin/../lib/gcc/arm-none-eabi/9.3.1/thumb/v7-m/nofp/crtn.o
                0x0000000008004dac                . = ALIGN (0x4)
                0x0000000008004dac                _etext = .

.vfp11_veneer   0x0000000008004dac        0x0
 .vfp11_veneer  0x0000000008004dac        0x0 linker stubs

.v4_bx          0x0000000008004dac        0x0
 .v4_bx         0x0000000008004dac        0x0 linker stubs

.iplt           0x0000000008004dac        0x0
 .iplt          0x0000000008004dac        0x0 c:/st/stm32cubeide_1.6.0/stm32cubeide/plugins/com.st.stm32cube.ide.mcu.externaltools.gnu-tools-for-stm32.9-2020-q2-update.win32_1.5.0.202011040924/tools/bin/../lib/gcc/arm-none-eabi/9.3.1/thumb/v7-m/nofp/crtbegin.o

.rodata         0x0000000008004dac       0x28
                0x0000000008004dac                . = ALIGN (0x4)
 *(.rodata)
 .rodata        0x0000000008004dac       0x10 Drivers/STM32F1xx_HAL_Driver/Src/stm32f1xx_hal_rcc.o
 *(.rodata*)
 .rodata.AHBPrescTable
                0x0000000008004dbc       0x10 Core/Src/system_stm32f1xx.o
                0x0000000008004dbc                AHBPrescTable
 .rodata.APBPrescTable
                0x0000000008004dcc        0x8 Core/Src/system_stm32f1xx.o
                0x0000000008004dcc                APBPrescTable
                0x0000000008004dd4                . = ALIGN (0x4)

.rel.dyn        0x0000000008004dd4        0x0
 .rel.iplt      0x0000000008004dd4        0x0 c:/st/stm32cubeide_1.6.0/stm32cubeide/plugins/com.st.stm32cube.ide.mcu.externaltools.gnu-tools-for-stm32.9-2020-q2-update.win32_1.5.0.202011040924/tools/bin/../lib/gcc/arm-none-eabi/9.3.1/thumb/v7-m/nofp/crtbegin.o

.ARM.extab      0x0000000008004dd4        0x0
                0x0000000008004dd4                . = ALIGN (0x4)
 *(.ARM.extab* .gnu.linkonce.armextab.*)
                0x0000000008004dd4                . = ALIGN (0x4)

.ARM            0x0000000008004dd4        0x0
                0x0000000008004dd4                . = ALIGN (0x4)
                0x0000000008004dd4                __exidx_start = .
 *(.ARM.exidx*)
                0x0000000008004dd4                __exidx_end = .
                0x0000000008004dd4                . = ALIGN (0x4)

.preinit_array  0x0000000008004dd4        0x0
                0x0000000008004dd4                . = ALIGN (0x4)
                0x0000000008004dd4                PROVIDE (__preinit_array_start = .)
 *(.preinit_array*)
                0x0000000008004dd4                PROVIDE (__preinit_array_end = .)
                0x0000000008004dd4                . = ALIGN (0x4)

.init_array     0x0000000008004dd4        0x4
                0x0000000008004dd4                . = ALIGN (0x4)
                0x0000000008004dd4                PROVIDE (__init_array_start = .)
 *(SORT_BY_NAME(.init_array.*))
 *(.init_array*)
 .init_array    0x0000000008004dd4        0x4 c:/st/stm32cubeide_1.6.0/stm32cubeide/plugins/com.st.stm32cube.ide.mcu.externaltools.gnu-tools-for-stm32.9-2020-q2-update.win32_1.5.0.202011040924/tools/bin/../lib/gcc/arm-none-eabi/9.3.1/thumb/v7-m/nofp/crtbegin.o
                0x0000000008004dd8                PROVIDE (__init_array_end = .)
                0x0000000008004dd8                . = ALIGN (0x4)

.fini_array     0x0000000008004dd8        0x4
                0x0000000008004dd8                . = ALIGN (0x4)
                [!provide]                        PROVIDE (__fini_array_start = .)
 *(SORT_BY_NAME(.fini_array.*))
 *(.fini_array*)
 .fini_array    0x0000000008004dd8        0x4 c:/st/stm32cubeide_1.6.0/stm32cubeide/plugins/com.st.stm32cube.ide.mcu.externaltools.gnu-tools-for-stm32.9-2020-q2-update.win32_1.5.0.202011040924/tools/bin/../lib/gcc/arm-none-eabi/9.3.1/thumb/v7-m/nofp/crtbegin.o
                [!provide]                        PROVIDE (__fini_array_end = .)
                0x0000000008004ddc                . = ALIGN (0x4)
                0x0000000008004ddc                _sidata = LOADADDR (.data)

.data           0x0000000020000000        0xc load address 0x0000000008004ddc
                0x0000000020000000                . = ALIGN (0x4)
                0x0000000020000000                _sdata = .
 *(.data)
 *(.data*)
 .data.SystemCoreClock
                0x0000000020000000        0x4 Core/Src/system_stm32f1xx.o
                0x0000000020000000                SystemCoreClock
 .data.uwTickPrio
                0x0000000020000004        0x4 Drivers/STM32F1xx_HAL_Driver/Src/stm32f1xx_hal.o
                0x0000000020000004                uwTickPrio
 .data.uwTickFreq
                0x0000000020000008        0x1 Drivers/STM32F1xx_HAL_Driver/Src/stm32f1xx_hal.o
                0x0000000020000008                uwTickFreq
 *(.RamFunc)
 *(.RamFunc*)
                0x000000002000000c                . = ALIGN (0x4)
 *fill*         0x0000000020000009        0x3 
                0x000000002000000c                _edata = .

.igot.plt       0x000000002000000c        0x0 load address 0x0000000008004de8
 .igot.plt      0x000000002000000c        0x0 c:/st/stm32cubeide_1.6.0/stm32cubeide/plugins/com.st.stm32cube.ide.mcu.externaltools.gnu-tools-for-stm32.9-2020-q2-update.win32_1.5.0.202011040924/tools/bin/../lib/gcc/arm-none-eabi/9.3.1/thumb/v7-m/nofp/crtbegin.o
                0x000000002000000c                . = ALIGN (0x4)

.bss            0x000000002000000c      0x2a4 load address 0x0000000008004de8
                0x000000002000000c                _sbss = .
                0x000000002000000c                __bss_start__ = _sbss
 *(.bss)
 .bss           0x000000002000000c       0x1c c:/st/stm32cubeide_1.6.0/stm32cubeide/plugins/com.st.stm32cube.ide.mcu.externaltools.gnu-tools-for-stm32.9-2020-q2-update.win32_1.5.0.202011040924/tools/bin/../lib/gcc/arm-none-eabi/9.3.1/thumb/v7-m/nofp/crtbegin.o
 *(.bss*)
 *(COMMON)
 COMMON         0x0000000020000028      0x284 Core/Src/main.o
                0x0000000020000028                hdma_uart4_rx
                0x000000002000006c                htim8
                0x00000000200000b4                htim4
                0x00000000200000fc                values
                0x0000000020000100                htim5
                0x0000000020000148                htim3
                0x0000000020000190                rx_uart_buf
                0x0000000020000198                htim1
                0x00000000200001e0                huart4
                0x0000000020000220                htim2
                0x0000000020000268                hdma_uart4_tx
 COMMON         0x00000000200002ac        0x4 Drivers/STM32F1xx_HAL_Driver/Src/stm32f1xx_hal.o
                0x00000000200002ac                uwTick
                0x00000000200002b0                . = ALIGN (0x4)
                0x00000000200002b0                _ebss = .
                0x00000000200002b0                __bss_end__ = _ebss

._user_heap_stack
                0x00000000200002b0      0x600 load address 0x0000000008004de8
                0x00000000200002b0                . = ALIGN (0x8)
                [!provide]                        PROVIDE (end = .)
                0x00000000200002b0                PROVIDE (_end = .)
                0x00000000200004b0                . = (. + _Min_Heap_Size)
 *fill*         0x00000000200002b0      0x200 
                0x00000000200008b0                . = (. + _Min_Stack_Size)
 *fill*         0x00000000200004b0      0x400 
                0x00000000200008b0                . = ALIGN (0x8)

/DISCARD/
 libc.a(*)
 libm.a(*)
 libgcc.a(*)

.ARM.attributes
                0x0000000000000000       0x29
 *(.ARM.attributes)
 .ARM.attributes
                0x0000000000000000       0x1d c:/st/stm32cubeide_1.6.0/stm32cubeide/plugins/com.st.stm32cube.ide.mcu.externaltools.gnu-tools-for-stm32.9-2020-q2-update.win32_1.5.0.202011040924/tools/bin/../lib/gcc/arm-none-eabi/9.3.1/thumb/v7-m/nofp/crti.o
 .ARM.attributes
                0x000000000000001d       0x2d c:/st/stm32cubeide_1.6.0/stm32cubeide/plugins/com.st.stm32cube.ide.mcu.externaltools.gnu-tools-for-stm32.9-2020-q2-update.win32_1.5.0.202011040924/tools/bin/../lib/gcc/arm-none-eabi/9.3.1/thumb/v7-m/nofp/crtbegin.o
 .ARM.attributes
                0x000000000000004a       0x2d Core/Src/main.o
 .ARM.attributes
                0x0000000000000077       0x2d Core/Src/stm32f1xx_hal_msp.o
 .ARM.attributes
                0x00000000000000a4       0x2d Core/Src/stm32f1xx_it.o
 .ARM.attributes
                0x00000000000000d1       0x2d Core/Src/system_stm32f1xx.o
 .ARM.attributes
                0x00000000000000fe       0x21 Core/Startup/startup_stm32f103retx.o
 .ARM.attributes
                0x000000000000011f       0x2d Drivers/STM32F1xx_HAL_Driver/Src/stm32f1xx_hal.o
 .ARM.attributes
                0x000000000000014c       0x2d Drivers/STM32F1xx_HAL_Driver/Src/stm32f1xx_hal_cortex.o
 .ARM.attributes
                0x0000000000000179       0x2d Drivers/STM32F1xx_HAL_Driver/Src/stm32f1xx_hal_dma.o
 .ARM.attributes
                0x00000000000001a6       0x2d Drivers/STM32F1xx_HAL_Driver/Src/stm32f1xx_hal_gpio.o
 .ARM.attributes
                0x00000000000001d3       0x2d Drivers/STM32F1xx_HAL_Driver/Src/stm32f1xx_hal_rcc.o
 .ARM.attributes
                0x0000000000000200       0x2d Drivers/STM32F1xx_HAL_Driver/Src/stm32f1xx_hal_tim.o
 .ARM.attributes
                0x000000000000022d       0x2d Drivers/STM32F1xx_HAL_Driver/Src/stm32f1xx_hal_tim_ex.o
 .ARM.attributes
                0x000000000000025a       0x2d Drivers/STM32F1xx_HAL_Driver/Src/stm32f1xx_hal_uart.o
 .ARM.attributes
                0x0000000000000287       0x2d c:/st/stm32cubeide_1.6.0/stm32cubeide/plugins/com.st.stm32cube.ide.mcu.externaltools.gnu-tools-for-stm32.9-2020-q2-update.win32_1.5.0.202011040924/tools/bin/../lib/gcc/arm-none-eabi/9.3.1/../../../../arm-none-eabi/lib/thumb/v7-m/nofp\libc_nano.a(lib_a-init.o)
 .ARM.attributes
                0x00000000000002b4       0x2d c:/st/stm32cubeide_1.6.0/stm32cubeide/plugins/com.st.stm32cube.ide.mcu.externaltools.gnu-tools-for-stm32.9-2020-q2-update.win32_1.5.0.202011040924/tools/bin/../lib/gcc/arm-none-eabi/9.3.1/../../../../arm-none-eabi/lib/thumb/v7-m/nofp\libc_nano.a(lib_a-memset.o)
 .ARM.attributes
                0x00000000000002e1       0x1d c:/st/stm32cubeide_1.6.0/stm32cubeide/plugins/com.st.stm32cube.ide.mcu.externaltools.gnu-tools-for-stm32.9-2020-q2-update.win32_1.5.0.202011040924/tools/bin/../lib/gcc/arm-none-eabi/9.3.1/thumb/v7-m/nofp\libgcc.a(_arm_addsubsf3.o)
 .ARM.attributes
                0x00000000000002fe       0x1d c:/st/stm32cubeide_1.6.0/stm32cubeide/plugins/com.st.stm32cube.ide.mcu.externaltools.gnu-tools-for-stm32.9-2020-q2-update.win32_1.5.0.202011040924/tools/bin/../lib/gcc/arm-none-eabi/9.3.1/thumb/v7-m/nofp\libgcc.a(_arm_muldivsf3.o)
 .ARM.attributes
                0x000000000000031b       0x1d c:/st/stm32cubeide_1.6.0/stm32cubeide/plugins/com.st.stm32cube.ide.mcu.externaltools.gnu-tools-for-stm32.9-2020-q2-update.win32_1.5.0.202011040924/tools/bin/../lib/gcc/arm-none-eabi/9.3.1/thumb/v7-m/nofp\libgcc.a(_arm_cmpsf2.o)
 .ARM.attributes
                0x0000000000000338       0x1d c:/st/stm32cubeide_1.6.0/stm32cubeide/plugins/com.st.stm32cube.ide.mcu.externaltools.gnu-tools-for-stm32.9-2020-q2-update.win32_1.5.0.202011040924/tools/bin/../lib/gcc/arm-none-eabi/9.3.1/thumb/v7-m/nofp\libgcc.a(_arm_fixunssfsi.o)
 .ARM.attributes
                0x0000000000000355       0x1d c:/st/stm32cubeide_1.6.0/stm32cubeide/plugins/com.st.stm32cube.ide.mcu.externaltools.gnu-tools-for-stm32.9-2020-q2-update.win32_1.5.0.202011040924/tools/bin/../lib/gcc/arm-none-eabi/9.3.1/thumb/v7-m/nofp/crtn.o
OUTPUT(HEXAPOD_NEW.elf elf32-littlearm)
LOAD linker stubs
LOAD c:/st/stm32cubeide_1.6.0/stm32cubeide/plugins/com.st.stm32cube.ide.mcu.externaltools.gnu-tools-for-stm32.9-2020-q2-update.win32_1.5.0.202011040924/tools/bin/../lib/gcc/arm-none-eabi/9.3.1/../../../../arm-none-eabi/lib/thumb/v7-m/nofp\libc.a
LOAD c:/st/stm32cubeide_1.6.0/stm32cubeide/plugins/com.st.stm32cube.ide.mcu.externaltools.gnu-tools-for-stm32.9-2020-q2-update.win32_1.5.0.202011040924/tools/bin/../lib/gcc/arm-none-eabi/9.3.1/../../../../arm-none-eabi/lib/thumb/v7-m/nofp\libm.a
LOAD c:/st/stm32cubeide_1.6.0/stm32cubeide/plugins/com.st.stm32cube.ide.mcu.externaltools.gnu-tools-for-stm32.9-2020-q2-update.win32_1.5.0.202011040924/tools/bin/../lib/gcc/arm-none-eabi/9.3.1/thumb/v7-m/nofp\libgcc.a

.debug_info     0x0000000000000000     0xb0da
 .debug_info    0x0000000000000000     0x193c Core/Src/main.o
 .debug_info    0x000000000000193c     0x1027 Core/Src/stm32f1xx_hal_msp.o
 .debug_info    0x0000000000002963      0x6de Core/Src/stm32f1xx_it.o
 .debug_info    0x0000000000003041      0x2be Core/Src/system_stm32f1xx.o
 .debug_info    0x00000000000032ff       0x22 Core/Startup/startup_stm32f103retx.o
 .debug_info    0x0000000000003321      0x7d0 Drivers/STM32F1xx_HAL_Driver/Src/stm32f1xx_hal.o
 .debug_info    0x0000000000003af1      0xc42 Drivers/STM32F1xx_HAL_Driver/Src/stm32f1xx_hal_cortex.o
 .debug_info    0x0000000000004733      0x81e Drivers/STM32F1xx_HAL_Driver/Src/stm32f1xx_hal_dma.o
 .debug_info    0x0000000000004f51      0x701 Drivers/STM32F1xx_HAL_Driver/Src/stm32f1xx_hal_gpio.o
 .debug_info    0x0000000000005652      0x88e Drivers/STM32F1xx_HAL_Driver/Src/stm32f1xx_hal_rcc.o
 .debug_info    0x0000000000005ee0     0x2a43 Drivers/STM32F1xx_HAL_Driver/Src/stm32f1xx_hal_tim.o
 .debug_info    0x0000000000008923     0x1495 Drivers/STM32F1xx_HAL_Driver/Src/stm32f1xx_hal_tim_ex.o
 .debug_info    0x0000000000009db8     0x1322 Drivers/STM32F1xx_HAL_Driver/Src/stm32f1xx_hal_uart.o

.debug_abbrev   0x0000000000000000     0x1b27
 .debug_abbrev  0x0000000000000000      0x36f Core/Src/main.o
 .debug_abbrev  0x000000000000036f      0x23e Core/Src/stm32f1xx_hal_msp.o
 .debug_abbrev  0x00000000000005ad      0x163 Core/Src/stm32f1xx_it.o
 .debug_abbrev  0x0000000000000710      0x14e Core/Src/system_stm32f1xx.o
 .debug_abbrev  0x000000000000085e       0x12 Core/Startup/startup_stm32f103retx.o
 .debug_abbrev  0x0000000000000870      0x1ed Drivers/STM32F1xx_HAL_Driver/Src/stm32f1xx_hal.o
 .debug_abbrev  0x0000000000000a5d      0x313 Drivers/STM32F1xx_HAL_Driver/Src/stm32f1xx_hal_cortex.o
 .debug_abbrev  0x0000000000000d70      0x228 Drivers/STM32F1xx_HAL_Driver/Src/stm32f1xx_hal_dma.o
 .debug_abbrev  0x0000000000000f98      0x1e8 Drivers/STM32F1xx_HAL_Driver/Src/stm32f1xx_hal_gpio.o
 .debug_abbrev  0x0000000000001180      0x273 Drivers/STM32F1xx_HAL_Driver/Src/stm32f1xx_hal_rcc.o
 .debug_abbrev  0x00000000000013f3      0x25e Drivers/STM32F1xx_HAL_Driver/Src/stm32f1xx_hal_tim.o
 .debug_abbrev  0x0000000000001651      0x266 Drivers/STM32F1xx_HAL_Driver/Src/stm32f1xx_hal_tim_ex.o
 .debug_abbrev  0x00000000000018b7      0x270 Drivers/STM32F1xx_HAL_Driver/Src/stm32f1xx_hal_uart.o

.debug_aranges  0x0000000000000000      0xc18
 .debug_aranges
                0x0000000000000000       0xb8 Core/Src/main.o
 .debug_aranges
                0x00000000000000b8       0x48 Core/Src/stm32f1xx_hal_msp.o
 .debug_aranges
                0x0000000000000100       0x78 Core/Src/stm32f1xx_it.o
 .debug_aranges
                0x0000000000000178       0x28 Core/Src/system_stm32f1xx.o
 .debug_aranges
                0x00000000000001a0       0x28 Core/Startup/startup_stm32f103retx.o
 .debug_aranges
                0x00000000000001c8       0xe0 Drivers/STM32F1xx_HAL_Driver/Src/stm32f1xx_hal.o
 .debug_aranges
                0x00000000000002a8      0x100 Drivers/STM32F1xx_HAL_Driver/Src/stm32f1xx_hal_cortex.o
 .debug_aranges
                0x00000000000003a8       0x80 Drivers/STM32F1xx_HAL_Driver/Src/stm32f1xx_hal_dma.o
 .debug_aranges
                0x0000000000000428       0x58 Drivers/STM32F1xx_HAL_Driver/Src/stm32f1xx_hal_gpio.o
 .debug_aranges
                0x0000000000000480       0x90 Drivers/STM32F1xx_HAL_Driver/Src/stm32f1xx_hal_rcc.o
 .debug_aranges
                0x0000000000000510      0x3d0 Drivers/STM32F1xx_HAL_Driver/Src/stm32f1xx_hal_tim.o
 .debug_aranges
                0x00000000000008e0      0x168 Drivers/STM32F1xx_HAL_Driver/Src/stm32f1xx_hal_tim_ex.o
 .debug_aranges
                0x0000000000000a48      0x1d0 Drivers/STM32F1xx_HAL_Driver/Src/stm32f1xx_hal_uart.o

.debug_ranges   0x0000000000000000      0xb50
 .debug_ranges  0x0000000000000000       0xa8 Core/Src/main.o
 .debug_ranges  0x00000000000000a8       0x38 Core/Src/stm32f1xx_hal_msp.o
 .debug_ranges  0x00000000000000e0       0x68 Core/Src/stm32f1xx_it.o
 .debug_ranges  0x0000000000000148       0x18 Core/Src/system_stm32f1xx.o
 .debug_ranges  0x0000000000000160       0x20 Core/Startup/startup_stm32f103retx.o
 .debug_ranges  0x0000000000000180       0xd0 Drivers/STM32F1xx_HAL_Driver/Src/stm32f1xx_hal.o
 .debug_ranges  0x0000000000000250       0xf0 Drivers/STM32F1xx_HAL_Driver/Src/stm32f1xx_hal_cortex.o
 .debug_ranges  0x0000000000000340       0x70 Drivers/STM32F1xx_HAL_Driver/Src/stm32f1xx_hal_dma.o
 .debug_ranges  0x00000000000003b0       0x48 Drivers/STM32F1xx_HAL_Driver/Src/stm32f1xx_hal_gpio.o
 .debug_ranges  0x00000000000003f8       0x80 Drivers/STM32F1xx_HAL_Driver/Src/stm32f1xx_hal_rcc.o
 .debug_ranges  0x0000000000000478      0x3c0 Drivers/STM32F1xx_HAL_Driver/Src/stm32f1xx_hal_tim.o
 .debug_ranges  0x0000000000000838      0x158 Drivers/STM32F1xx_HAL_Driver/Src/stm32f1xx_hal_tim_ex.o
 .debug_ranges  0x0000000000000990      0x1c0 Drivers/STM32F1xx_HAL_Driver/Src/stm32f1xx_hal_uart.o

.debug_macro    0x0000000000000000    0x18c2d
 .debug_macro   0x0000000000000000      0x1c4 Core/Src/main.o
 .debug_macro   0x00000000000001c4      0xa9c Core/Src/main.o
 .debug_macro   0x0000000000000c60      0x221 Core/Src/main.o
 .debug_macro   0x0000000000000e81       0x2e Core/Src/main.o
 .debug_macro   0x0000000000000eaf       0x22 Core/Src/main.o
 .debug_macro   0x0000000000000ed1       0x22 Core/Src/main.o
 .debug_macro   0x0000000000000ef3       0x8e Core/Src/main.o
 .debug_macro   0x0000000000000f81       0x51 Core/Src/main.o
 .debug_macro   0x0000000000000fd2      0x103 Core/Src/main.o
 .debug_macro   0x00000000000010d5       0x6a Core/Src/main.o
 .debug_macro   0x000000000000113f      0x1df Core/Src/main.o
 .debug_macro   0x000000000000131e       0x1c Core/Src/main.o
 .debug_macro   0x000000000000133a       0x22 Core/Src/main.o
 .debug_macro   0x000000000000135c       0xc3 Core/Src/main.o
 .debug_macro   0x000000000000141f      0xd23 Core/Src/main.o
 .debug_macro   0x0000000000002142     0xfd85 Core/Src/main.o
 .debug_macro   0x0000000000011ec7       0x43 Core/Src/main.o
 .debug_macro   0x0000000000011f0a     0x3468 Core/Src/main.o
 .debug_macro   0x0000000000015372      0x174 Core/Src/main.o
 .debug_macro   0x00000000000154e6       0x5c Core/Src/main.o
 .debug_macro   0x0000000000015542      0x5be Core/Src/main.o
 .debug_macro   0x0000000000015b00      0x4d5 Core/Src/main.o
 .debug_macro   0x0000000000015fd5      0x1cb Core/Src/main.o
 .debug_macro   0x00000000000161a0      0x114 Core/Src/main.o
 .debug_macro   0x00000000000162b4      0x1ea Core/Src/main.o
 .debug_macro   0x000000000001649e       0x27 Core/Src/main.o
 .debug_macro   0x00000000000164c5      0x144 Core/Src/main.o
 .debug_macro   0x0000000000016609      0x1bc Core/Src/main.o
 .debug_macro   0x00000000000167c5       0x30 Core/Src/main.o
 .debug_macro   0x00000000000167f5       0x3c Core/Src/main.o
 .debug_macro   0x0000000000016831       0x57 Core/Src/main.o
 .debug_macro   0x0000000000016888       0x88 Core/Src/main.o
 .debug_macro   0x0000000000016910      0x24f Core/Src/main.o
 .debug_macro   0x0000000000016b5f      0x141 Core/Src/main.o
 .debug_macro   0x0000000000016ca0      0x8d1 Core/Src/main.o
 .debug_macro   0x0000000000017571      0x26b Core/Src/main.o
 .debug_macro   0x00000000000177dc       0xb5 Core/Src/main.o
 .debug_macro   0x0000000000017891       0xd0 Core/Src/main.o
 .debug_macro   0x0000000000017961      0x1b2 Core/Src/stm32f1xx_hal_msp.o
 .debug_macro   0x0000000000017b13      0x1bc Core/Src/stm32f1xx_it.o
 .debug_macro   0x0000000000017ccf      0x1a3 Core/Src/system_stm32f1xx.o
 .debug_macro   0x0000000000017e72      0x1c7 Drivers/STM32F1xx_HAL_Driver/Src/stm32f1xx_hal.o
 .debug_macro   0x0000000000018039      0x1a3 Drivers/STM32F1xx_HAL_Driver/Src/stm32f1xx_hal_cortex.o
 .debug_macro   0x00000000000181dc      0x1a3 Drivers/STM32F1xx_HAL_Driver/Src/stm32f1xx_hal_dma.o
 .debug_macro   0x000000000001837f      0x20e Drivers/STM32F1xx_HAL_Driver/Src/stm32f1xx_hal_gpio.o
 .debug_macro   0x000000000001858d      0x1b5 Drivers/STM32F1xx_HAL_Driver/Src/stm32f1xx_hal_rcc.o
 .debug_macro   0x0000000000018742      0x1a4 Drivers/STM32F1xx_HAL_Driver/Src/stm32f1xx_hal_tim.o
 .debug_macro   0x00000000000188e6      0x1a3 Drivers/STM32F1xx_HAL_Driver/Src/stm32f1xx_hal_tim_ex.o
 .debug_macro   0x0000000000018a89      0x1a4 Drivers/STM32F1xx_HAL_Driver/Src/stm32f1xx_hal_uart.o

.debug_line     0x0000000000000000     0xcbe1
 .debug_line    0x0000000000000000     0x1015 Core/Src/main.o
 .debug_line    0x0000000000001015      0x8c9 Core/Src/stm32f1xx_hal_msp.o
 .debug_line    0x00000000000018de      0x78a Core/Src/stm32f1xx_it.o
 .debug_line    0x0000000000002068      0x6fb Core/Src/system_stm32f1xx.o
 .debug_line    0x0000000000002763       0x84 Core/Startup/startup_stm32f103retx.o
 .debug_line    0x00000000000027e7      0x928 Drivers/STM32F1xx_HAL_Driver/Src/stm32f1xx_hal.o
 .debug_line    0x000000000000310f      0xb10 Drivers/STM32F1xx_HAL_Driver/Src/stm32f1xx_hal_cortex.o
 .debug_line    0x0000000000003c1f     0x1252 Drivers/STM32F1xx_HAL_Driver/Src/stm32f1xx_hal_dma.o
 .debug_line    0x0000000000004e71      0x9e7 Drivers/STM32F1xx_HAL_Driver/Src/stm32f1xx_hal_gpio.o
 .debug_line    0x0000000000005858      0xd36 Drivers/STM32F1xx_HAL_Driver/Src/stm32f1xx_hal_rcc.o
 .debug_line    0x000000000000658e     0x34ef Drivers/STM32F1xx_HAL_Driver/Src/stm32f1xx_hal_tim.o
 .debug_line    0x0000000000009a7d     0x1a32 Drivers/STM32F1xx_HAL_Driver/Src/stm32f1xx_hal_tim_ex.o
 .debug_line    0x000000000000b4af     0x1732 Drivers/STM32F1xx_HAL_Driver/Src/stm32f1xx_hal_uart.o

.debug_str      0x0000000000000000    0x94634
 .debug_str     0x0000000000000000    0x91ff0 Core/Src/main.o
                                      0x92593 (size before relaxing)
 .debug_str     0x0000000000091ff0       0xc9 Core/Src/stm32f1xx_hal_msp.o
                                      0x920da (size before relaxing)
 .debug_str     0x00000000000920b9       0xe7 Core/Src/stm32f1xx_it.o
                                      0x919cb (size before relaxing)
 .debug_str     0x00000000000921a0       0x52 Core/Src/system_stm32f1xx.o
                                      0x912ba (size before relaxing)
 .debug_str     0x00000000000921f2       0x36 Core/Startup/startup_stm32f103retx.o
                                         0x75 (size before relaxing)
 .debug_str     0x0000000000092228      0x2ec Drivers/STM32F1xx_HAL_Driver/Src/stm32f1xx_hal.o
                                      0x91a2f (size before relaxing)
 .debug_str     0x0000000000092514      0x22b Drivers/STM32F1xx_HAL_Driver/Src/stm32f1xx_hal_cortex.o
                                      0x91a37 (size before relaxing)
 .debug_str     0x000000000009273f      0x235 Drivers/STM32F1xx_HAL_Driver/Src/stm32f1xx_hal_dma.o
                                      0x91695 (size before relaxing)
 .debug_str     0x0000000000092974      0x33b Drivers/STM32F1xx_HAL_Driver/Src/stm32f1xx_hal_gpio.o
                                      0x9167e (size before relaxing)
 .debug_str     0x0000000000092caf      0x24f Drivers/STM32F1xx_HAL_Driver/Src/stm32f1xx_hal_rcc.o
                                      0x916b7 (size before relaxing)
 .debug_str     0x0000000000092efe      0xd86 Drivers/STM32F1xx_HAL_Driver/Src/stm32f1xx_hal_tim.o
                                      0x92689 (size before relaxing)
 .debug_str     0x0000000000093c84      0x483 Drivers/STM32F1xx_HAL_Driver/Src/stm32f1xx_hal_tim_ex.o
                                      0x91e63 (size before relaxing)
 .debug_str     0x0000000000094107      0x52d Drivers/STM32F1xx_HAL_Driver/Src/stm32f1xx_hal_uart.o
                                      0x91bbd (size before relaxing)

.comment        0x0000000000000000       0x53
 .comment       0x0000000000000000       0x53 Core/Src/main.o
                                         0x54 (size before relaxing)
 .comment       0x0000000000000053       0x54 Core/Src/stm32f1xx_hal_msp.o
 .comment       0x0000000000000053       0x54 Core/Src/stm32f1xx_it.o
 .comment       0x0000000000000053       0x54 Core/Src/system_stm32f1xx.o
 .comment       0x0000000000000053       0x54 Drivers/STM32F1xx_HAL_Driver/Src/stm32f1xx_hal.o
 .comment       0x0000000000000053       0x54 Drivers/STM32F1xx_HAL_Driver/Src/stm32f1xx_hal_cortex.o
 .comment       0x0000000000000053       0x54 Drivers/STM32F1xx_HAL_Driver/Src/stm32f1xx_hal_dma.o
 .comment       0x0000000000000053       0x54 Drivers/STM32F1xx_HAL_Driver/Src/stm32f1xx_hal_gpio.o
 .comment       0x0000000000000053       0x54 Drivers/STM32F1xx_HAL_Driver/Src/stm32f1xx_hal_rcc.o
 .comment       0x0000000000000053       0x54 Drivers/STM32F1xx_HAL_Driver/Src/stm32f1xx_hal_tim.o
 .comment       0x0000000000000053       0x54 Drivers/STM32F1xx_HAL_Driver/Src/stm32f1xx_hal_tim_ex.o
 .comment       0x0000000000000053       0x54 Drivers/STM32F1xx_HAL_Driver/Src/stm32f1xx_hal_uart.o

.debug_frame    0x0000000000000000     0x3438
 .debug_frame   0x0000000000000000      0x2d8 Core/Src/main.o
 .debug_frame   0x00000000000002d8       0xf8 Core/Src/stm32f1xx_hal_msp.o
 .debug_frame   0x00000000000003d0      0x15c Core/Src/stm32f1xx_it.o
 .debug_frame   0x000000000000052c       0x58 Core/Src/system_stm32f1xx.o
 .debug_frame   0x0000000000000584      0x334 Drivers/STM32F1xx_HAL_Driver/Src/stm32f1xx_hal.o
 .debug_frame   0x00000000000008b8      0x428 Drivers/STM32F1xx_HAL_Driver/Src/stm32f1xx_hal_cortex.o
 .debug_frame   0x0000000000000ce0      0x20c Drivers/STM32F1xx_HAL_Driver/Src/stm32f1xx_hal_dma.o
 .debug_frame   0x0000000000000eec      0x14c Drivers/STM32F1xx_HAL_Driver/Src/stm32f1xx_hal_gpio.o
 .debug_frame   0x0000000000001038      0x21c Drivers/STM32F1xx_HAL_Driver/Src/stm32f1xx_hal_rcc.o
 .debug_frame   0x0000000000001254     0x11bc Drivers/STM32F1xx_HAL_Driver/Src/stm32f1xx_hal_tim.o
 .debug_frame   0x0000000000002410      0x638 Drivers/STM32F1xx_HAL_Driver/Src/stm32f1xx_hal_tim_ex.o
 .debug_frame   0x0000000000002a48      0x834 Drivers/STM32F1xx_HAL_Driver/Src/stm32f1xx_hal_uart.o
 .debug_frame   0x000000000000327c       0x2c c:/st/stm32cubeide_1.6.0/stm32cubeide/plugins/com.st.stm32cube.ide.mcu.externaltools.gnu-tools-for-stm32.9-2020-q2-update.win32_1.5.0.202011040924/tools/bin/../lib/gcc/arm-none-eabi/9.3.1/../../../../arm-none-eabi/lib/thumb/v7-m/nofp\libc_nano.a(lib_a-init.o)
 .debug_frame   0x00000000000032a8       0x20 c:/st/stm32cubeide_1.6.0/stm32cubeide/plugins/com.st.stm32cube.ide.mcu.externaltools.gnu-tools-for-stm32.9-2020-q2-update.win32_1.5.0.202011040924/tools/bin/../lib/gcc/arm-none-eabi/9.3.1/../../../../arm-none-eabi/lib/thumb/v7-m/nofp\libc_nano.a(lib_a-memset.o)
 .debug_frame   0x00000000000032c8       0x4c c:/st/stm32cubeide_1.6.0/stm32cubeide/plugins/com.st.stm32cube.ide.mcu.externaltools.gnu-tools-for-stm32.9-2020-q2-update.win32_1.5.0.202011040924/tools/bin/../lib/gcc/arm-none-eabi/9.3.1/thumb/v7-m/nofp\libgcc.a(_arm_addsubsf3.o)
 .debug_frame   0x0000000000003314       0x38 c:/st/stm32cubeide_1.6.0/stm32cubeide/plugins/com.st.stm32cube.ide.mcu.externaltools.gnu-tools-for-stm32.9-2020-q2-update.win32_1.5.0.202011040924/tools/bin/../lib/gcc/arm-none-eabi/9.3.1/thumb/v7-m/nofp\libgcc.a(_arm_muldivsf3.o)
 .debug_frame   0x000000000000334c       0xc8 c:/st/stm32cubeide_1.6.0/stm32cubeide/plugins/com.st.stm32cube.ide.mcu.externaltools.gnu-tools-for-stm32.9-2020-q2-update.win32_1.5.0.202011040924/tools/bin/../lib/gcc/arm-none-eabi/9.3.1/thumb/v7-m/nofp\libgcc.a(_arm_cmpsf2.o)
 .debug_frame   0x0000000000003414       0x24 c:/st/stm32cubeide_1.6.0/stm32cubeide/plugins/com.st.stm32cube.ide.mcu.externaltools.gnu-tools-for-stm32.9-2020-q2-update.win32_1.5.0.202011040924/tools/bin/../lib/gcc/arm-none-eabi/9.3.1/thumb/v7-m/nofp\libgcc.a(_arm_fixunssfsi.o)
